nasm -f elf32 boot.asm -o boot.o
gcc -m32 -ffreestanding -O2 -Wall -Wextra -fno-pie -fno-stack-protector -c kernel.c -o kernel.o
gcc -m32 -ffreestanding -O2 -Wall -Wextra -fno-pie -fno-stack-protector -c gui.c -o gui.o
gcc -m32 -ffreestanding -O2 -Wall -Wextra -fno-pie -fno-stack-protector -c exe_subsystem.c -o exe_subsystem.o
gcc -m32 -ffreestanding -O2 -Wall -Wextra -fno-pie -fno-stack-protector -c ai_subsystem.c -o ai_subsystem.o
gcc -m32 -ffreestanding -O2 -Wall -Wextra -fno-pie -fno-stack-protector -c mouse.c -o mouse.o
gcc -m32 -ffreestanding -O2 -Wall -Wextra -fno-pie -fno-stack-protector -c wind_subsystem.c -o wind_subsystem.o
gcc -m32 -ffreestanding -O2 -Wall -Wextra -fno-pie -fno-stack-protector -c keyboard.c -o keyboard.o
gcc -m32 -ffreestanding -O2 -Wall -Wextra -fno-pie -fno-stack-protector -c screen.c -o screen.o
gcc -m32 -ffreestanding -O2 -Wall -Wextra -fno-pie -fno-stack-protector -c idt.c -o idt.o
gcc -m32 -ffreestanding -O2 -Wall -Wextra -fno-pie -fno-stack-protector -c deb_subsystem.c -o deb_subsystem.o
make: *** No rule to make target 'uefi_subsystem.o', needed by 'kernel.bin'.  Stop.
